{"error":"Conversion failed: Could not detect format of input file: /tmp/test.txt"}
